// Jest Snapshot v1, https://goo.gl/fbAQLP

exports[`Theme › Shared › Stores › Menu store has isOpen prop 1`] = `
Object {
  "isOpen": false,
}
`;
